"","x"
"1","Chryseobacterium.01"
"","x"
"1","F.Pseudomonadaceae.02"
"","x"
"1","TM7_genus_incertae_sedis.01"
